scripts/tts-test/EJEMPLO_integracion_chispa_tts.ts(13,30): error TS2307: Cannot find module 'jsr:@supabase/supabase-js@2' or its corresponding type declarations.
scripts/tts-test/EJEMPLO_integracion_chispa_tts.ts(23,22): error TS2304: Cannot find name 'Deno'.
scripts/tts-test/EJEMPLO_integracion_chispa_tts.ts(25,20): error TS2304: Cannot find name 'Deno'.
scripts/tts-test/EJEMPLO_integracion_chispa_tts.ts(26,22): error TS2304: Cannot find name 'Deno'.
scripts/tts-test/EJEMPLO_integracion_chispa_tts.ts(29,1): error TS2304: Cannot find name 'Deno'.
scripts/tts-test/EJEMPLO_integracion_chispa_tts.ts(29,19): error TS7006: Parameter 'req' implicitly has an 'any' type.
scripts/tts-test/EJEMPLO_integracion_chispa_tts.ts(34,49): error TS2304: Cannot find name 'Deno'.
scripts/tts-test/fish-speech-repo/awesome_webui/src/App.tsx(14,8): error TS2307: Cannot find module 'lucide-react' or its corresponding type declarations.
scripts/tts-test/fish-speech-repo/awesome_webui/src/App.tsx(16,53): error TS2307: Cannot find module '@/components/ui/alert' or its corresponding type declarations.
scripts/tts-test/fish-speech-repo/awesome_webui/src/App.tsx(17,23): error TS2307: Cannot find module '@/components/ui/badge' or its corresponding type declarations.
scripts/tts-test/fish-speech-repo/awesome_webui/src/App.tsx(18,24): error TS2307: Cannot find module '@/components/ui/button' or its corresponding type declarations.
scripts/tts-test/fish-speech-repo/awesome_webui/src/App.tsx(25,8): error TS2307: Cannot find module '@/components/ui/card' or its corresponding type declarations.
scripts/tts-test/fish-speech-repo/awesome_webui/src/App.tsx(30,8): error TS2307: Cannot find module '@/components/ui/collapsible' or its corresponding type declarations.
scripts/tts-test/fish-speech-repo/awesome_webui/src/App.tsx(38,8): error TS2307: Cannot find module '@/components/ui/dialog' or its corresponding type declarations.
scripts/tts-test/fish-speech-repo/awesome_webui/src/App.tsx(39,23): error TS2307: Cannot find module '@/components/ui/label' or its corresponding type declarations.
scripts/tts-test/fish-speech-repo/awesome_webui/src/App.tsx(40,28): error TS2307: Cannot find module '@/components/ui/scroll-area' or its corresponding type declarations.
scripts/tts-test/fish-speech-repo/awesome_webui/src/App.tsx(41,27): error TS2307: Cannot find module '@/components/ui/separator' or its corresponding type declarations.
scripts/tts-test/fish-speech-repo/awesome_webui/src/App.tsx(42,24): error TS2307: Cannot find module '@/components/ui/slider' or its corresponding type declarations.
scripts/tts-test/fish-speech-repo/awesome_webui/src/App.tsx(43,24): error TS2307: Cannot find module '@/components/ui/switch' or its corresponding type declarations.
scripts/tts-test/fish-speech-repo/awesome_webui/src/App.tsx(44,26): error TS2307: Cannot find module '@/components/ui/textarea' or its corresponding type declarations.
scripts/tts-test/fish-speech-repo/awesome_webui/src/App.tsx(45,46): error TS2307: Cannot find module '@/components/ui/toggle-group' or its corresponding type declarations.
scripts/tts-test/fish-speech-repo/awesome_webui/src/App.tsx(251,25): error TS7006: Parameter 'nextValue' implicitly has an 'any' type.
scripts/tts-test/fish-speech-repo/awesome_webui/src/App.tsx(588,24): error TS2345: Argument of type 'ArrayBuffer | SharedArrayBuffer' is not assignable to parameter of type 'ArrayBuffer'.
  Type 'SharedArrayBuffer' is missing the following properties from type 'ArrayBuffer': resizable, resize, detached, transfer, transferToFixedLength
scripts/tts-test/fish-speech-repo/awesome_webui/src/App.tsx(589,24): error TS2345: Argument of type 'ArrayBuffer | SharedArrayBuffer' is not assignable to parameter of type 'ArrayBuffer'.
  Type 'SharedArrayBuffer' is missing the following properties from type 'ArrayBuffer': resizable, resize, detached, transfer, transferToFixedLength
scripts/tts-test/fish-speech-repo/awesome_webui/src/App.tsx(652,32): error TS7006: Parameter 'event' implicitly has an 'any' type.
scripts/tts-test/fish-speech-repo/awesome_webui/src/App.tsx(845,42): error TS7006: Parameter 'open' implicitly has an 'any' type.
scripts/tts-test/fish-speech-repo/awesome_webui/src/App.tsx(989,37): error TS7006: Parameter 'value' implicitly has an 'any' type.
scripts/tts-test/fish-speech-repo/awesome_webui/src/App.tsx(1017,37): error TS7006: Parameter 'value' implicitly has an 'any' type.
scripts/tts-test/fish-speech-repo/awesome_webui/src/App.tsx(1051,39): error TS7006: Parameter 'checked' implicitly has an 'any' type.
scripts/tts-test/fish-speech-repo/awesome_webui/src/App.tsx(1134,63): error TS7006: Parameter 'open' implicitly has an 'any' type.
scripts/tts-test/fish-speech-repo/awesome_webui/src/App.tsx(1152,26): error TS7006: Parameter 'event' implicitly has an 'any' type.
scripts/tts-test/fish-speech-repo/awesome_webui/src/components/ui/alert.tsx(2,40): error TS2307: Cannot find module 'class-variance-authority' or its corresponding type declarations.
scripts/tts-test/fish-speech-repo/awesome_webui/src/components/ui/alert.tsx(4,20): error TS2307: Cannot find module '@/lib/utils' or its corresponding type declarations.
scripts/tts-test/fish-speech-repo/awesome_webui/src/components/ui/badge.tsx(3,40): error TS2307: Cannot find module 'class-variance-authority' or its corresponding type declarations.
scripts/tts-test/fish-speech-repo/awesome_webui/src/components/ui/badge.tsx(5,20): error TS2307: Cannot find module '@/lib/utils' or its corresponding type declarations.
scripts/tts-test/fish-speech-repo/awesome_webui/src/components/ui/button.tsx(4,40): error TS2307: Cannot find module 'class-variance-authority' or its corresponding type declarations.
scripts/tts-test/fish-speech-repo/awesome_webui/src/components/ui/button.tsx(6,20): error TS2307: Cannot find module '@/lib/utils' or its corresponding type declarations.
scripts/tts-test/fish-speech-repo/awesome_webui/src/components/ui/card.tsx(3,20): error TS2307: Cannot find module '@/lib/utils' or its corresponding type declarations.
scripts/tts-test/fish-speech-repo/awesome_webui/src/components/ui/collapsible.tsx(1,39): error TS2307: Cannot find module '@radix-ui/react-collapsible' or its corresponding type declarations.
scripts/tts-test/fish-speech-repo/awesome_webui/src/components/ui/dialog.tsx(2,34): error TS2307: Cannot find module '@radix-ui/react-dialog' or its corresponding type declarations.
scripts/tts-test/fish-speech-repo/awesome_webui/src/components/ui/dialog.tsx(3,19): error TS2307: Cannot find module 'lucide-react' or its corresponding type declarations.
scripts/tts-test/fish-speech-repo/awesome_webui/src/components/ui/dialog.tsx(5,20): error TS2307: Cannot find module '@/lib/utils' or its corresponding type declarations.
scripts/tts-test/fish-speech-repo/awesome_webui/src/components/ui/label.tsx(2,33): error TS2307: Cannot find module '@radix-ui/react-label' or its corresponding type declarations.
scripts/tts-test/fish-speech-repo/awesome_webui/src/components/ui/label.tsx(4,20): error TS2307: Cannot find module '@/lib/utils' or its corresponding type declarations.
scripts/tts-test/fish-speech-repo/awesome_webui/src/components/ui/scroll-area.tsx(2,38): error TS2307: Cannot find module '@radix-ui/react-scroll-area' or its corresponding type declarations.
scripts/tts-test/fish-speech-repo/awesome_webui/src/components/ui/scroll-area.tsx(4,20): error TS2307: Cannot find module '@/lib/utils' or its corresponding type declarations.
scripts/tts-test/fish-speech-repo/awesome_webui/src/components/ui/separator.tsx(2,37): error TS2307: Cannot find module '@radix-ui/react-separator' or its corresponding type declarations.
scripts/tts-test/fish-speech-repo/awesome_webui/src/components/ui/separator.tsx(4,20): error TS2307: Cannot find module '@/lib/utils' or its corresponding type declarations.
scripts/tts-test/fish-speech-repo/awesome_webui/src/components/ui/slider.tsx(2,34): error TS2307: Cannot find module '@radix-ui/react-slider' or its corresponding type declarations.
scripts/tts-test/fish-speech-repo/awesome_webui/src/components/ui/slider.tsx(4,20): error TS2307: Cannot find module '@/lib/utils' or its corresponding type declarations.
scripts/tts-test/fish-speech-repo/awesome_webui/src/components/ui/switch.tsx(2,34): error TS2307: Cannot find module '@radix-ui/react-switch' or its corresponding type declarations.
scripts/tts-test/fish-speech-repo/awesome_webui/src/components/ui/switch.tsx(4,20): error TS2307: Cannot find module '@/lib/utils' or its corresponding type declarations.
scripts/tts-test/fish-speech-repo/awesome_webui/src/components/ui/textarea.tsx(3,20): error TS2307: Cannot find module '@/lib/utils' or its corresponding type declarations.
scripts/tts-test/fish-speech-repo/awesome_webui/src/components/ui/toggle-group.tsx(2,39): error TS2307: Cannot find module '@radix-ui/react-toggle-group' or its corresponding type declarations.
scripts/tts-test/fish-speech-repo/awesome_webui/src/components/ui/toggle-group.tsx(3,40): error TS2307: Cannot find module 'class-variance-authority' or its corresponding type declarations.
scripts/tts-test/fish-speech-repo/awesome_webui/src/components/ui/toggle-group.tsx(5,20): error TS2307: Cannot find module '@/lib/utils' or its corresponding type declarations.
scripts/tts-test/fish-speech-repo/awesome_webui/src/lib/utils.ts(1,39): error TS2307: Cannot find module 'clsx' or its corresponding type declarations.
scripts/tts-test/fish-speech-repo/awesome_webui/src/lib/utils.ts(2,25): error TS2307: Cannot find module 'tailwind-merge' or its corresponding type declarations.
scripts/tts-test/fish-speech-repo/awesome_webui/src/main.tsx(2,28): error TS7016: Could not find a declaration file for module 'react-dom/client'. 'C:/Users/carli/OneDrive/Escritorio/novanoidai/Hairy/node_modules/.deno/react-dom@19.2.7/node_modules/react-dom/client.js' implicitly has an 'any' type.
  Try `npm i --save-dev @types/react-dom` if it exists or add a new declaration (.d.ts) file containing `declare module 'react-dom/client';`
scripts/tts-test/fish-speech-repo/awesome_webui/vite.config.ts(2,43): error TS2307: Cannot find module 'vite' or its corresponding type declarations.
scripts/tts-test/fish-speech-repo/awesome_webui/vite.config.ts(3,19): error TS2307: Cannot find module '@vitejs/plugin-react-swc' or its corresponding type declarations.
scripts/tts-test/fish-speech-repo/awesome_webui/vite.config.ts(4,25): error TS2307: Cannot find module '@tailwindcss/vite' or its corresponding type declarations.
scripts/tts-test/fish-speech-repo/awesome_webui/vite.config.ts(13,20): error TS7006: Parameter 'config' implicitly has an 'any' type.
