env: load .env
env: export E2E_EMAIL E2E_PASSWORD EXPO_PUBLIC_SUPABASE_ANON_KEY EXPO_PUBLIC_SUPABASE_URL OPENROUTER_API_KEY OPENROUTER_API_KEY_ANTERIOR SUPABASE_SECRET_KEY SUPABASE_SERVICE_ROLE_KEY VIGILANCIA_TOKEN VIGILANCIA_URL

Using (experimental) base path: /app
Starting Metro Bundler

Web Bundled 2177ms node_modules\expo-router\entry.js (2888 modules)

› Assets (55):
node_modules\@expo-google-fonts\inter\100Thin_Italic\Inter_100Thin_Italic.1b97f7df9b976cfe530c18c09598e6f6.ttf (347KB)
node_modules\@expo-google-fonts\inter\100Thin\Inter_100Thin.ddbb1cd55ad509e82377bd10beed6506.ttf (343KB)
node_modules\@expo-google-fonts\inter\200ExtraLight_Italic\Inter_200ExtraLight_Italic.3d0662838915a7a16d01c262735d3d29.ttf (347KB)
node_modules\@expo-google-fonts\inter\200ExtraLight\Inter_200ExtraLight.e1f33daee21eb5998b13d3e05264d9a3.ttf (343KB)
node_modules\@expo-google-fonts\inter\300Light_Italic\Inter_300Light_Italic.17f8f23a2852bfa14ce5bf590c2a0e2c.ttf (347KB)
node_modules\@expo-google-fonts\inter\300Light\Inter_300Light.d2994e3dea3856e1834395ad6cce32af.ttf (343KB)
node_modules\@expo-google-fonts\inter\400Regular_Italic\Inter_400Regular_Italic.36cad9f97595b7759264b945d64502b4.ttf (346KB)
node_modules\@expo-google-fonts\inter\400Regular\Inter_400Regular.51b6ad87261f18b6433ec52871ddfabc.ttf (342KB)
node_modules\@expo-google-fonts\inter\500Medium_Italic\Inter_500Medium_Italic.155406bfbfb023eb104728edfe62c0e9.ttf (346KB)
node_modules\@expo-google-fonts\inter\500Medium\Inter_500Medium.137ab18bace28dd0bd83eb3b8ed2bc54.ttf (343KB)
node_modules\@expo-google-fonts\inter\600SemiBold_Italic\Inter_600SemiBold_Italic.a349d1ac188e1a67689432f44de99849.ttf (347KB)
node_modules\@expo-google-fonts\inter\600SemiBold\Inter_600SemiBold.a5f35888d2da465de352e0dcfaf33324.ttf (344KB)
node_modules\@expo-google-fonts\inter\700Bold_Italic\Inter_700Bold_Italic.3398006c80026f0508aaaf4808950d56.ttf (348KB)
node_modules\@expo-google-fonts\inter\700Bold\Inter_700Bold.6e237de4f1f413afa2fcc45c77ac343a.ttf (344KB)
node_modules\@expo-google-fonts\inter\800ExtraBold_Italic\Inter_800ExtraBold_Italic.7ca909a56537d965feef41abe58b87e0.ttf (349KB)
node_modules\@expo-google-fonts\inter\800ExtraBold\Inter_800ExtraBold.6016034293c084aa0c056e83938bf1cc.ttf (345KB)
node_modules\@expo-google-fonts\inter\900Black_Italic\Inter_900Black_Italic.d5f78c24de59ce5e4bad405e10e71941.ttf (349KB)
node_modules\@expo-google-fonts\inter\900Black\Inter_900Black.bcec6eda9700a81ba92c483a2f2c02c1.ttf (345KB)
node_modules\@expo\vector-icons\build\vendor\react-native-vector-icons\Fonts\AntDesign.3f78af31cca60105799838a1a7a59fbd.ttf (130KB)
node_modules\@expo\vector-icons\build\vendor\react-native-vector-icons\Fonts\Entypo.31b5ffea3daddc69dd01a1f3d6cf63c5.ttf (66KB)
node_modules\@expo\vector-icons\build\vendor\react-native-vector-icons\Fonts\EvilIcons.140c53a7643ea949007aa9a282153849.ttf (13KB)
node_modules\@expo\vector-icons\build\vendor\react-native-vector-icons\Fonts\Feather.ca4b48e04dc1ce10bfbddb262c8b835f.ttf (56KB)
node_modules\@expo\vector-icons\build\vendor\react-native-vector-icons\Fonts\FontAwesome.b06871f281fee6b241d60582ae9369b9.ttf (166KB)
node_modules\@expo\vector-icons\build\vendor\react-native-vector-icons\Fonts\FontAwesome5_Brands.3b89dd103490708d19a95adcae52210e.ttf (134KB)
node_modules\@expo\vector-icons\build\vendor\react-native-vector-icons\Fonts\FontAwesome5_Regular.1f77739ca9ff2188b539c36f30ffa2be.ttf (34KB)
node_modules\@expo\vector-icons\build\vendor\react-native-vector-icons\Fonts\FontAwesome5_Solid.605ed7926cf39a2ad5ec2d1f9d391d3d.ttf (203KB)
node_modules\@expo\vector-icons\build\vendor\react-native-vector-icons\Fonts\FontAwesome6_Brands.56c8d80832e37783f12c05db7c8849e2.ttf (209KB)
node_modules\@expo\vector-icons\build\vendor\react-native-vector-icons\Fonts\FontAwesome6_Regular.370dd5af19f8364907b6e2c41f45dbbf.ttf (68KB)
node_modules\@expo\vector-icons\build\vendor\react-native-vector-icons\Fonts\FontAwesome6_Solid.adec7d6f310bc577f05e8fe06a5daccf.ttf (424KB)
node_modules\@expo\vector-icons\build\vendor\react-native-vector-icons\Fonts\Fontisto.b49ae8ab2dbccb02c4d11caaacf09eab.ttf (314KB)
node_modules\@expo\vector-icons\build\vendor\react-native-vector-icons\Fonts\Foundation.e20945d7c929279ef7a6f1db184a4470.ttf (57KB)
node_modules\@expo\vector-icons\build\vendor\react-native-vector-icons\Fonts\Ionicons.b4eb097d35f44ed943676fd56f6bdc51.ttf (390KB)
node_modules\@expo\vector-icons\build\vendor\react-native-vector-icons\Fonts\MaterialCommunityIcons.6e435534bd35da5fef04168860a9b8fa.ttf (1.3MB)
node_modules\@expo\vector-icons\build\vendor\react-native-vector-icons\Fonts\MaterialIcons.4e85bc9ebe07e0340c9c4fc2f6c38908.ttf (357KB)
node_modules\@expo\vector-icons\build\vendor\react-native-vector-icons\Fonts\Octicons.871378c6eab492a3e689a9385dc45a12.ttf (69KB)
node_modules\@expo\vector-icons\build\vendor\react-native-vector-icons\Fonts\SimpleLineIcons.d2285965fe34b05465047401b8595dd0.ttf (54KB)
node_modules\@expo\vector-icons\build\vendor\react-native-vector-icons\Fonts\Zocial.1681f34aaca71b8dfb70756bca331eb2.ttf (26KB)
node_modules\expo-router\assets\arrow_down.017bc6ba3fc25503e5eb5e53826d48a8.png (9.5KB)
node_modules\expo-router\assets\error.d1ea1496f9057eb392d5bbf3732a61b7.png (469B)
node_modules\expo-router\assets\file.19eeb73b9593a38f8e9f418337fc7d10.png (138B)
node_modules\expo-router\assets\forward.d8b800c443b8972542883e0b9de2bdc6.png (188B)
node_modules\expo-router\assets\pkg.ab19f4cbc543357183a20571f68380a3.png (364B)
node_modules\expo-router\assets\react-navigation\elements\back-icon-mask.0a328cd9c1afd0afe8e3b1ec5165b1b4.png (653B)
node_modules\expo-router\assets\react-navigation\elements\back-icon.35ba0eaec5a4f5ed12ca16fabeae451d.png (207B)
node_modules\expo-router\assets\react-navigation\elements\clear-icon.c94f6478e7ae0cdd9f15de1fcb9e5e55.png (4 variations | 425B)
node_modules\expo-router\assets\react-navigation\elements\close-icon.808e1b1b9b53114ec2838071a7e6daa7.png (4 variations | 235B)
node_modules\expo-router\assets\react-navigation\elements\search-icon.286d67d3f74808a60a78d3ebf1a5fb57.png (928B)
node_modules\expo-router\assets\sitemap.412dd9275b6b48ad28f5e3d81bb1f626.png (465B)
node_modules\expo-router\assets\unmatched.20e71bdf79e3a97bf55fd9e164041578.png (4.8KB)

› web bundles (63):
_expo/static/css/globals-e3da4570037cc1275ed9134950edbfd0.css (2.6KB)
_expo/static/js/web/__common-8d80aa3128385863177bf5b63ff922d6.js (3.1MB)
_expo/static/js/web/__expo-metro-runtime-bd66ad556816f1067dcc8634b443d9f6.js (10KB)
_expo/static/js/web/_layout-0f82a45526693ff94794edfda1012671.js (1.1MB)
_expo/static/js/web/_layout-4e830b8025682a0818c9439c0824f030.js (39KB)
_expo/static/js/web/[id]-c4af8c11d7e1f18c42f24ba72eab9392.js (25KB)
_expo/static/js/web/[id]-ecb1c720ad49430cd2a2f93bb260584a.js (779B)
_expo/static/js/web/[ref]-7f3d11b3456d189501a072ee7f6aa419.js (769B)
_expo/static/js/web/[ref]-9c58a1fb4f56836fd00e10c88674a3ea.js (7.5KB)
_expo/static/js/web/[slug]-0beffe284a77992b6a9c3f88c783fc00.js (91KB)
_expo/static/js/web/[slug]-4d01aea986bc7b85847ad3b82e75baab.js (775B)
_expo/static/js/web/[slug]-5124c794a8f13ca091138f4077046e5d.js (583B)
_expo/static/js/web/[slug]-9a08cc412bc3d7a6170c7b2b72f22f7e.js (735B)
_expo/static/js/web/[slug]-ca7bcf77bf0a97a592f78e606cb6f449.js (656B)
_expo/static/js/web/[slug]-d3f53b2d4d014f5e4b5ba4043356addb.js (6.8KB)
_expo/static/js/web/[token]-5611545fb85578b74fa208e5e1198654.js (12KB)
_expo/static/js/web/[token]-665cd992c286ce6ccdbc108483481c55.js (584B)
_expo/static/js/web/[token]-68b5d4b2b4d9d45a0946a50596578b73.js (768B)
_expo/static/js/web/[token]-a942d65d9d0594e1f9932b4ecf9eaf7a.js (12KB)
_expo/static/js/web/agenda-detalle-aa6d65c3f60a269631b04b3969aefd98.js (29KB)
_expo/static/js/web/ayuda-15e4717c47b582b8d2a3dd6566faf88a.js (25KB)
_expo/static/js/web/ayuda-2e3578f1fd3c93c5524eb814ea4cc613.js (2.7KB)
_expo/static/js/web/bandeja-45ee1b2e43d3870cf650f4a2bb14bb95.js (822B)
_expo/static/js/web/bandeja-e33386c53ad070b0ef479373c86aeeef.js (19KB)
_expo/static/js/web/caja-0d39bb859900e901d6bfaebc68eae1d0.js (815B)
_expo/static/js/web/caja-d9a3d79321ca81b89b282d383726a22c.js (68KB)
_expo/static/js/web/campanas-dc83795db9a3741ba4723c5867809676.js (17KB)
_expo/static/js/web/campanas-e293d0e543aad6f78e7dd830b32757cf.js (557B)
_expo/static/js/web/citas-79c509676ac78712d8c8d39e72751f37.js (301B)
_expo/static/js/web/clientes-1cb7984ed8cb8d7a8f5b81dbf3268437.js (28KB)
_expo/static/js/web/configuracion-5f458dd267f52594da847f823d974d24.js (17KB)
_expo/static/js/web/configuracion-e03f497f540b4ed06d2a69056b3a5008.js (3.8KB)
_expo/static/js/web/configuracion-f52fe77ec18c2b343fcf76a732094933.js (323KB)
_expo/static/js/web/entry-33cc5ca32cba69894d6f231d3740aea0.js (1.1MB)
_expo/static/js/web/equipo-e20091cb50b5b0579bb712d1656ec52a.js (131KB)
_expo/static/js/web/equipo-f6b22a6280504bdec945282bda081fd7.js (15KB)
_expo/static/js/web/expo-env-711e252300332e3801b9600e8a85b1b1.js (38B)
_expo/static/js/web/html2canvas-acc5dfbf19e45279dbfc23f8b0890772.js (202KB)
_expo/static/js/web/index-68ece7cab182fee2126d6cf1fb32c645.js (602KB)
_expo/static/js/web/index-dccb9ead15a2e9af77c5827fad1c07b4.js (174KB)
_expo/static/js/web/informes-93fe955c9a23d92480a32632c732aa9b.js (4.3KB)
_expo/static/js/web/informes-9f149033ec55ff454eea704223a540d1.js (181KB)
_expo/static/js/web/inventario-7d939b0ef81908d7b0e9e11c6c6c7f2b.js (289B)
_expo/static/js/web/inventario-b0d24b50b6b34f27bdfa8dabffa2dfa3.js (59KB)
_expo/static/js/web/jornadaPdf-f714fce392ff8f4ac030607787f0fe77.js (6.2KB)
_expo/static/js/web/jspdf.es-a8b43798823634ac3ee5743e158b25d6.js (454KB)
_expo/static/js/web/jszip-8649bc08456467aec27b96e0f570e4b9.js (97KB)
_expo/static/js/web/lista-espera-0b81a2265982eb4fbebff5ee3d05bf7b.js (24KB)
_expo/static/js/web/lista-espera-718739f196eddcd2ba1bfde21a804064.js (718B)
_expo/static/js/web/login-3c3278371b54d4519401d8b9e40e2312.js (6.2KB)
_expo/static/js/web/login-8cfe24f75b385c4a66ee0631ab7abf99.js (436B)
_expo/static/js/web/mi-jornada-2aa27c6b69ec926c73e0fa200d7dc1bd.js (811B)
_expo/static/js/web/mi-jornada-ff1c74358e53bd1aff6d4b109e8200c2.js (47KB)
_expo/static/js/web/migracionParserLocal-49b6396f18c03d71d08a54b01683756b.js (3.1KB)
_expo/static/js/web/nueva-cita-2924faf964d622bea557571026dc6fd3.js (31KB)
_expo/static/js/web/ok-99aa857cd9bcd45cb133581d8500d1c1.js (693B)
_expo/static/js/web/ok-bcf02f76fce1d1e0bc912d297ae9d062.js (2.1KB)
_expo/static/js/web/presupuestos-4e5e586ff8dad20af396b2ffda2c0e6c.js (816B)
_expo/static/js/web/presupuestos-d9ff9f927165a2edcf395445893bfdb5.js (39KB)
_expo/static/js/web/purify-0eb10a74e2263bc1daeeda7121216452.js (29KB)
_expo/static/js/web/resenas-04e4f1f644d05e398b8cc0792deb562d.js (28KB)
_expo/static/js/web/resenas-39d2cec8b2915462a3382cba294fffca.js (548B)
_expo/static/js/web/xlsx-7cfdb659eea92fb8ca67327e830c1ded.js (493KB)

› Files (2):
index.html (1.6KB)
metadata.json (49B)

Exported: C:\Users\carli\AppData\Local\Temp\mecha-auditoria-2026-09-07-export
